// Jest Snapshot v1, https://goo.gl/fbAQLP

exports[`vscode-stylelint with "stylelint.customSyntax" auto-fix should work if "stylelint.customSyntax" is enabled 1`] = `
"/* prettier-ignore */
.foo .bar
    color: red"
`;
