// Jest Snapshot v1, https://goo.gl/fbAQLP

exports[`Local Stylelint resolution should resolve to the locally installed copy of Stylelint 1`] = `
Array [
  Object {
    "code": "fake",
    "message": "Fake result",
    "range": Object {
      "end": Object {
        "character": 0,
        "line": 0,
      },
      "start": Object {
        "character": 0,
        "line": 0,
      },
    },
    "severity": 1,
    "source": "stylelint",
  },
]
`;
