// Jest Snapshot v1, https://goo.gl/fbAQLP

exports[`findPackageRoot should throw when encountering a file system error other than ENOENT or ENOTDIR 1`] = `"EACCES: permission denied, open 'foo/bar/baz'"`;
