// Jest Snapshot v1, https://goo.gl/fbAQLP

exports[`Global Package Manager Path Resolver Error handling Missing commands should throw an error if npm cannot be found 1`] = `"ENOENT: no such file or directory, open 'npm'"`;

exports[`Global Package Manager Path Resolver Error handling Missing commands should throw an error if pnpm cannot be found 1`] = `"ENOENT: no such file or directory, open 'pnpm'"`;

exports[`Global Package Manager Path Resolver Error handling Missing commands should throw an error if yarn cannot be found 1`] = `"ENOENT: no such file or directory, open 'yarn'"`;

exports[`Global Package Manager Path Resolver Error handling Non-zero exit codes should throw an error if npm returns a non-zero exit code 1`] = `"Command \\"npm\\" exited with code 1."`;

exports[`Global Package Manager Path Resolver Error handling Non-zero exit codes should throw an error if pnpm returns a non-zero exit code 1`] = `"Command \\"pnpm\\" exited with code 1."`;

exports[`Global Package Manager Path Resolver Error handling Non-zero exit codes should throw an error if yarn returns a non-zero exit code 1`] = `"Command \\"yarn\\" exited with code 1."`;
